// Jest Snapshot v1, https://goo.gl/fbAQLP

exports[`renders a basic snapshot 1`] = `
<div>
  <form
    id="checkboxes"
  >
    <div>
      <input
        checked=""
        class="checkbox"
        id="breakfast"
        name="breakfast"
        type="radio"
        value="breakfast"
      />
      <label
        for="breakfast"
      >
        Breakfast
      </label>
    </div>
    <div>
      <input
        class="checkbox"
        id="lunch"
        name="lunch"
        type="radio"
        value="lunch"
      />
      <label
        for="lunch"
      >
        Lunch
      </label>
    </div>
    <div>
      <input
        class="checkbox"
        id="dinner"
        name="dinner"
        type="radio"
        value="dinner"
      />
      <label
        for="dinner"
      >
        Dinner
      </label>
    </div>
    <div>
      <input
        class="checkbox"
        id="dessert"
        name="dessert"
        type="radio"
        value="dessert"
      />
      <label
        for="dessert"
      >
        Dessert
      </label>
    </div>
  </form>
</div>
`;

exports[`renders a snapshot for dishType: breakfast 1`] = `
<div>
  <form
    id="checkboxes"
  >
    <div>
      <input
        checked=""
        class="checkbox"
        id="breakfast"
        name="breakfast"
        type="radio"
        value="breakfast"
      />
      <label
        for="breakfast"
      >
        Breakfast
      </label>
    </div>
    <div>
      <input
        class="checkbox"
        id="lunch"
        name="lunch"
        type="radio"
        value="lunch"
      />
      <label
        for="lunch"
      >
        Lunch
      </label>
    </div>
    <div>
      <input
        class="checkbox"
        id="dinner"
        name="dinner"
        type="radio"
        value="dinner"
      />
      <label
        for="dinner"
      >
        Dinner
      </label>
    </div>
    <div>
      <input
        class="checkbox"
        id="dessert"
        name="dessert"
        type="radio"
        value="dessert"
      />
      <label
        for="dessert"
      >
        Dessert
      </label>
    </div>
  </form>
</div>
`;

exports[`renders a snapshot for dishType: dessert 1`] = `
<div>
  <form
    id="checkboxes"
  >
    <div>
      <input
        class="checkbox"
        id="breakfast"
        name="breakfast"
        type="radio"
        value="breakfast"
      />
      <label
        for="breakfast"
      >
        Breakfast
      </label>
    </div>
    <div>
      <input
        class="checkbox"
        id="lunch"
        name="lunch"
        type="radio"
        value="lunch"
      />
      <label
        for="lunch"
      >
        Lunch
      </label>
    </div>
    <div>
      <input
        class="checkbox"
        id="dinner"
        name="dinner"
        type="radio"
        value="dinner"
      />
      <label
        for="dinner"
      >
        Dinner
      </label>
    </div>
    <div>
      <input
        checked=""
        class="checkbox"
        id="dessert"
        name="dessert"
        type="radio"
        value="dessert"
      />
      <label
        for="dessert"
      >
        Dessert
      </label>
    </div>
  </form>
</div>
`;

exports[`renders a snapshot for dishType: dinner 1`] = `
<div>
  <form
    id="checkboxes"
  >
    <div>
      <input
        class="checkbox"
        id="breakfast"
        name="breakfast"
        type="radio"
        value="breakfast"
      />
      <label
        for="breakfast"
      >
        Breakfast
      </label>
    </div>
    <div>
      <input
        class="checkbox"
        id="lunch"
        name="lunch"
        type="radio"
        value="lunch"
      />
      <label
        for="lunch"
      >
        Lunch
      </label>
    </div>
    <div>
      <input
        checked=""
        class="checkbox"
        id="dinner"
        name="dinner"
        type="radio"
        value="dinner"
      />
      <label
        for="dinner"
      >
        Dinner
      </label>
    </div>
    <div>
      <input
        class="checkbox"
        id="dessert"
        name="dessert"
        type="radio"
        value="dessert"
      />
      <label
        for="dessert"
      >
        Dessert
      </label>
    </div>
  </form>
</div>
`;

exports[`renders a snapshot for dishType: lunch 1`] = `
<div>
  <form
    id="checkboxes"
  >
    <div>
      <input
        class="checkbox"
        id="breakfast"
        name="breakfast"
        type="radio"
        value="breakfast"
      />
      <label
        for="breakfast"
      >
        Breakfast
      </label>
    </div>
    <div>
      <input
        checked=""
        class="checkbox"
        id="lunch"
        name="lunch"
        type="radio"
        value="lunch"
      />
      <label
        for="lunch"
      >
        Lunch
      </label>
    </div>
    <div>
      <input
        class="checkbox"
        id="dinner"
        name="dinner"
        type="radio"
        value="dinner"
      />
      <label
        for="dinner"
      >
        Dinner
      </label>
    </div>
    <div>
      <input
        class="checkbox"
        id="dessert"
        name="dessert"
        type="radio"
        value="dessert"
      />
      <label
        for="dessert"
      >
        Dessert
      </label>
    </div>
  </form>
</div>
`;
