// Jest Snapshot v1, https://goo.gl/fbAQLP

exports[`DishForm renders a basic snapshot 1`] = `
<div>
  <div
    class="dish-form"
  >
    <form
      id="checkboxes"
    >
      <div
        class="radio-label"
      >
        <label
          for="breakfast"
        >
          Breakfast
        </label>
        <input
          checked=""
          class="checkbox"
          id="breakfast"
          name="breakfast"
          type="radio"
          value="breakfast"
        />
      </div>
      <div
        class="radio-label"
      >
        <label
          for="lunch"
        >
          Lunch
        </label>
        <input
          class="checkbox"
          id="lunch"
          name="lunch"
          type="radio"
          value="lunch"
        />
      </div>
      <div
        class="radio-label"
      >
        <label
          for="dinner"
        >
          Dinner
        </label>
        <input
          class="checkbox"
          id="dinner"
          name="dinner"
          type="radio"
          value="dinner"
        />
      </div>
      <div
        class="radio-label"
      >
        <label
          for="dessert"
        >
          Dessert
        </label>
        <input
          class="checkbox"
          id="dessert"
          name="dessert"
          type="radio"
          value="dessert"
        />
      </div>
    </form>
  </div>
</div>
`;

exports[`DishForm renders a snapshot for dishType: breakfast 1`] = `
<div>
  <div
    class="dish-form"
  >
    <form
      id="checkboxes"
    >
      <div
        class="radio-label"
      >
        <label
          for="breakfast"
        >
          Breakfast
        </label>
        <input
          checked=""
          class="checkbox"
          id="breakfast"
          name="breakfast"
          type="radio"
          value="breakfast"
        />
      </div>
      <div
        class="radio-label"
      >
        <label
          for="lunch"
        >
          Lunch
        </label>
        <input
          class="checkbox"
          id="lunch"
          name="lunch"
          type="radio"
          value="lunch"
        />
      </div>
      <div
        class="radio-label"
      >
        <label
          for="dinner"
        >
          Dinner
        </label>
        <input
          class="checkbox"
          id="dinner"
          name="dinner"
          type="radio"
          value="dinner"
        />
      </div>
      <div
        class="radio-label"
      >
        <label
          for="dessert"
        >
          Dessert
        </label>
        <input
          class="checkbox"
          id="dessert"
          name="dessert"
          type="radio"
          value="dessert"
        />
      </div>
    </form>
  </div>
</div>
`;

exports[`DishForm renders a snapshot for dishType: dessert 1`] = `
<div>
  <div
    class="dish-form"
  >
    <form
      id="checkboxes"
    >
      <div
        class="radio-label"
      >
        <label
          for="breakfast"
        >
          Breakfast
        </label>
        <input
          class="checkbox"
          id="breakfast"
          name="breakfast"
          type="radio"
          value="breakfast"
        />
      </div>
      <div
        class="radio-label"
      >
        <label
          for="lunch"
        >
          Lunch
        </label>
        <input
          class="checkbox"
          id="lunch"
          name="lunch"
          type="radio"
          value="lunch"
        />
      </div>
      <div
        class="radio-label"
      >
        <label
          for="dinner"
        >
          Dinner
        </label>
        <input
          class="checkbox"
          id="dinner"
          name="dinner"
          type="radio"
          value="dinner"
        />
      </div>
      <div
        class="radio-label"
      >
        <label
          for="dessert"
        >
          Dessert
        </label>
        <input
          checked=""
          class="checkbox"
          id="dessert"
          name="dessert"
          type="radio"
          value="dessert"
        />
      </div>
    </form>
  </div>
</div>
`;

exports[`DishForm renders a snapshot for dishType: dinner 1`] = `
<div>
  <div
    class="dish-form"
  >
    <form
      id="checkboxes"
    >
      <div
        class="radio-label"
      >
        <label
          for="breakfast"
        >
          Breakfast
        </label>
        <input
          class="checkbox"
          id="breakfast"
          name="breakfast"
          type="radio"
          value="breakfast"
        />
      </div>
      <div
        class="radio-label"
      >
        <label
          for="lunch"
        >
          Lunch
        </label>
        <input
          class="checkbox"
          id="lunch"
          name="lunch"
          type="radio"
          value="lunch"
        />
      </div>
      <div
        class="radio-label"
      >
        <label
          for="dinner"
        >
          Dinner
        </label>
        <input
          checked=""
          class="checkbox"
          id="dinner"
          name="dinner"
          type="radio"
          value="dinner"
        />
      </div>
      <div
        class="radio-label"
      >
        <label
          for="dessert"
        >
          Dessert
        </label>
        <input
          class="checkbox"
          id="dessert"
          name="dessert"
          type="radio"
          value="dessert"
        />
      </div>
    </form>
  </div>
</div>
`;

exports[`DishForm renders a snapshot for dishType: lunch 1`] = `
<div>
  <div
    class="dish-form"
  >
    <form
      id="checkboxes"
    >
      <div
        class="radio-label"
      >
        <label
          for="breakfast"
        >
          Breakfast
        </label>
        <input
          class="checkbox"
          id="breakfast"
          name="breakfast"
          type="radio"
          value="breakfast"
        />
      </div>
      <div
        class="radio-label"
      >
        <label
          for="lunch"
        >
          Lunch
        </label>
        <input
          checked=""
          class="checkbox"
          id="lunch"
          name="lunch"
          type="radio"
          value="lunch"
        />
      </div>
      <div
        class="radio-label"
      >
        <label
          for="dinner"
        >
          Dinner
        </label>
        <input
          class="checkbox"
          id="dinner"
          name="dinner"
          type="radio"
          value="dinner"
        />
      </div>
      <div
        class="radio-label"
      >
        <label
          for="dessert"
        >
          Dessert
        </label>
        <input
          class="checkbox"
          id="dessert"
          name="dessert"
          type="radio"
          value="dessert"
        />
      </div>
    </form>
  </div>
</div>
`;
