// Jest Snapshot v1, https://goo.gl/fbAQLP

exports[`renders a basic snapshot 1`] = `
<div>
  <header>
    <div>
      <h1>
        <em>
          Ingrediate
        </em>
      </h1>
    </div>
    <div>
      <p>
        Log in
      </p>
      <p>
        Sign up
      </p>
    </div>
  </header>
  <section
    class="MainContainer"
  >
    <section
      class="generatorConfiguration"
    >
      <div
        class="dish-form"
      >
        <form
          id="checkboxes"
        >
          <div
            class="radio-label"
          >
            <label
              for="breakfast"
            >
              Breakfast
            </label>
            <input
              checked=""
              class="checkbox"
              id="breakfast"
              name="breakfast"
              type="radio"
              value="breakfast"
            />
          </div>
          <div
            class="radio-label"
          >
            <label
              for="lunch"
            >
              Lunch
            </label>
            <input
              class="checkbox"
              id="lunch"
              name="lunch"
              type="radio"
              value="lunch"
            />
          </div>
          <div
            class="radio-label"
          >
            <label
              for="dinner"
            >
              Dinner
            </label>
            <input
              class="checkbox"
              id="dinner"
              name="dinner"
              type="radio"
              value="dinner"
            />
          </div>
          <div
            class="radio-label"
          >
            <label
              for="dessert"
            >
              Dessert
            </label>
            <input
              class="checkbox"
              id="dessert"
              name="dessert"
              type="radio"
              value="dessert"
            />
          </div>
        </form>
      </div>
      <div
        class="dropdown-parent"
      >
        <label
          class="dropdown-label"
          for="Active Model:"
        >
          Active Model:
        </label>
        <select
          class="dropdown-select"
        >
          <option
            class="dropdown-option"
            value="mistral:7b"
          >
            mistral:7b
          </option>
          <option
            class="dropdown-option"
            value="text-davinci-003"
          >
            text-davinci-003
          </option>
          <option
            class="dropdown-option"
            value="llama2"
          >
            llama2
          </option>
        </select>
      </div>
    </section>
    <form
      class="IngredientForm"
    >
      <div
        class="MuiAutocomplete-root MuiAutocomplete-hasPopupIcon css-1h51icj-MuiAutocomplete-root"
      >
        <div
          class="MuiFormControl-root MuiFormControl-fullWidth MuiTextField-root css-wb57ya-MuiFormControl-root-MuiTextField-root"
        >
          <div
            class="MuiInputBase-root MuiInput-root MuiInput-underline MuiInputBase-colorPrimary MuiInputBase-fullWidth MuiInputBase-formControl MuiInputBase-adornedEnd MuiAutocomplete-inputRoot css-l4u8b9-MuiInputBase-root-MuiInput-root"
          >
            <input
              aria-autocomplete="list"
              aria-expanded="false"
              aria-invalid="false"
              autocapitalize="none"
              autocomplete="off"
              class="MuiInputBase-input MuiInput-input MuiInputBase-inputAdornedEnd MuiAutocomplete-input MuiAutocomplete-inputFocused css-1x51dt5-MuiInputBase-input-MuiInput-input"
              id="autocompleteInput"
              placeholder="Add Ingredients..."
              role="combobox"
              spellcheck="false"
              type="text"
              value=""
            />
            <div
              class="MuiAutocomplete-endAdornment css-1q60rmi-MuiAutocomplete-endAdornment"
            >
              <button
                aria-label="Open"
                class="MuiButtonBase-root MuiIconButton-root MuiIconButton-sizeMedium MuiAutocomplete-popupIndicator css-qzbt6i-MuiButtonBase-root-MuiIconButton-root-MuiAutocomplete-popupIndicator"
                tabindex="-1"
                title="Open"
                type="button"
              >
                <svg
                  aria-hidden="true"
                  class="MuiSvgIcon-root MuiSvgIcon-fontSizeMedium css-i4bv87-MuiSvgIcon-root"
                  data-testid="ArrowDropDownIcon"
                  focusable="false"
                  viewBox="0 0 24 24"
                >
                  <path
                    d="M7 10l5 5 5-5z"
                  />
                </svg>
                <span
                  class="MuiTouchRipple-root css-8je8zh-MuiTouchRipple-root"
                />
              </button>
            </div>
          </div>
        </div>
      </div>
      <input
        disabled=""
        id="submit-button"
        type="submit"
        value="Generate Recipe"
      />
    </form>
    <br />
    <div
      class="containerTitle"
    >
      <h1
        class="active"
      >
        <em>
          Recipes
        </em>
      </h1>
      <h1
        class="inactive"
      >
        <em>
          Favorites
        </em>
      </h1>
    </div>
    <div
      class="RecipeContainer"
    >
      <div
        class="recipeDisplay"
      />
    </div>
  </section>
</div>
`;
